// Jest Snapshot v1, https://goo.gl/fbAQLP

exports[`Dashboard render renders the happy path correctly 1`] = `
<DimmerDimmable
  blurring={true}
  className="jukebox-dashboard"
  dimmed={false}
>
  <Settings />
  <VolumeButtons
    disabled={false}
    onVolumeChange={[MockFunction onVolumeChangeMock]}
    volume={23}
  />
  <Controls
    disabled={false}
    onNext={[MockFunction onNextMock]}
    onPause={[MockFunction onPauseMock]}
    onPlay={[MockFunction onPlayMock]}
    onPrevious={[MockFunction onPreviousMock]}
    onStop={[MockFunction onStopMock]}
    playbackState="playing"
  />
  <Divider />
  <Grid
    columns={2}
  >
    <GridColumn
      width={4}
    >
      <DragInTrack
        disabled={false}
        onDrop={[MockFunction onDropMock]}
      >
        <Header
          size="small"
        >
          Current Track
        </Header>
        <Connect(CurrentTrackContainer) />
      </DragInTrack>
    </GridColumn>
    <GridColumn
      width={12}
    >
      <Header
        size="small"
      >
        Playlist 
        <ClearPlaylist
          disabled={false}
          onClear={[MockFunction onTracklistClearMock]}
        />
      </Header>
      <Tracklist
        currentTrack={
          Object {
            "title": "track1",
          }
        }
        disabled={false}
        images={Object {}}
        onRemoveTrack={[MockFunction onRemoveTrackMock]}
        tracks={
          Array [
            "track1",
            "track2",
          ]
        }
      />
    </GridColumn>
  </Grid>
</DimmerDimmable>
`;
